// Jest Snapshot v1, https://goo.gl/fbAQLP

exports[`ButtonWrappedIcon test test props without any props snapshot test 1`] = `
<div
  className="button-wrapped-icon"
  onClick={[Function]}
  style={null}
>
  <InteractiveSVGIcon
    handleClick={[Function]}
    icon="no icon"
    noOpacityChange={false}
  />
</div>
`;
